Testing set_all:
0000000000000000000000000000000000000000000000000000000000000000
1111111111111111111111111111111111111111111111111111111111111111
Test passed

Testing reset_all:
0000000000000000000000000000000000000000000000000000000000001011
0000000000000000000000000000000000000000000000000000000000000000
Test passed

Testing ToString:
1000100010001000100010001000100001110111011101110111011101110111

Testing BitArraySetOn:
0000000000000000000000000000000000000000000000000000000000000000
0000000000000000000000000000000000000000000000000000000000010000
Test passed

Testing BitArraySetOff:
1111111111111111111111111111111111111111111111111111111111110001
1111111111111111111111111111111111111111111111111111111111100001
Test passed
1111111111111111111111111111111111111111111111111111111111100001
Test passed

Testing BitArraySetBit:
0000000000000000000000000000000000000000000000000000000011110001
0000000000000000000000000000000000000000000000000000000011110001
Test passed
0000000000000000000000000000000000000000000000000000000011100001
Test passed
0000000000000000000000000000000000000000000000000000000011110001
Test passed
0000000000000000000000000000000000000000000000000000000011110001
Test passed

Testing BitArrayGetValue:
1000111100000000000000000000000000000000000000000000000010001000
value of first bit is: 0
value of index 3 (4th bit): 1
the value of last bit is: 1

Testing BitArrayFlip:
0000000000000000000000000000000000000000000000000000000010001000
0000000000000000000000000000000000000000000000000000000010000000
Test passed
0000000000000000000000000000000000000000000000000000000000001101
Test passed

Testing BitArrayMirror:
1000111100000000000000000000000000000000000000000000000010001000
0001000100000000000000000000000000000000000000000000000011110001
Test passed

Testing BitArrayMirror_LUT:
Test passed

Testing BitArrayRotR:
1000111100000000000000000000000000000000000000000000000010000011
0010000011100011110000000000000000000000000000000000000000000000
Test passed

Testing BitArrayRotL:
1000111100000000000000000000000000000000000000000000000010000011
0011110000000000000000000000000000000000000000000000001000001110
Test passed

Testing BitArrayCountOn:
30
Test passed

Testing BitArrayCountOn_LUT:
Test passed

Testing BitArrayCountOff:
32
Test passed
